../Core/Src/main.c:77:5:main	8	static
../Core/Src/main.c:158:6:SystemClock_Config	96	static
../Core/Src/main.c:208:13:MX_I2C1_Init	8	static
../Core/Src/main.c:256:13:MX_SAI2_Init	8	static
../Core/Src/main.c:291:13:MX_USART1_UART_Init	8	static
../Core/Src/main.c:326:13:MX_USART2_UART_Init	8	static
../Core/Src/main.c:359:13:MX_DMA_Init	16	static
../Core/Src/main.c:377:13:MX_GPIO_Init	48	static
../Core/Src/main.c:416:6:HAL_GPIO_EXTI_Callback	16	static
../Core/Src/main.c:434:6:Error_Handler	4	static,ignoring_inline_asm
