../Core/Src/main.c:71:5:__io_putchar	24	static
../Core/Src/main.c:84:5:main	168	static
../Core/Src/main.c:164:6:SystemClock_Config	96	static
../Core/Src/main.c:214:13:MX_I2C1_Init	8	static
../Core/Src/main.c:262:13:MX_SAI2_Init	8	static
../Core/Src/main.c:297:13:MX_USART1_UART_Init	8	static
../Core/Src/main.c:332:13:MX_USART2_UART_Init	8	static
../Core/Src/main.c:365:13:MX_DMA_Init	16	static
../Core/Src/main.c:383:13:MX_GPIO_Init	48	static
../Core/Src/main.c:425:6:Error_Handler	4	static,ignoring_inline_asm
